{"msg":"Application time: 0.0649296 seconds","jvm_uptime":0.134,"@version":"1","@timestamp":"2020-02-24T14:12:24.909Z","host":"14356e7de8f4","tags":["corfu-log","corfu-jvm-log"],"app_time_sec":0.0649296}
{"msg":"Total time for which application threads were stopped: 0.0000798 seconds, Stopping threads took: 0.0000174 seconds","app_stopped_sec":7.98E-5,"jvm_uptime":0.134,"@version":"1","@timestamp":"2020-02-24T14:12:24.909Z","app_threads_stopping_sec":1.74E-5,"host":"14356e7de8f4","tags":["corfu-log","corfu-jvm-log"]}
{"msg":"[GC pause (G1 Evacuation Pause) (young), 0.0107329 secs]\n   [Parallel Time: 6.2 ms, GC Workers: 4]\n      [GC Worker Start (ms): Min: 1042.2, Avg: 1043.3, Max: 1044.4, Diff: 2.3]\n      [Ext Root Scanning (ms): Min: 0.0, Avg: 0.8, Max: 1.7, Diff: 1.7, Sum: 3.4]\n      [Update RS (ms): Min: 0.0, Avg: 0.0, Max: 0.0, Diff: 0.0, Sum: 0.0]\n         [Processed Buffers: Min: 0, Avg: 0.0, Max: 0, Diff: 0, Sum: 0]\n      [Scan RS (ms): Min: 0.0, Avg: 0.0, Max: 0.0, Diff: 0.0, Sum: 0.0]\n      [Code Root Scanning (ms): Min: 0.0, Avg: 1.2, Max: 3.8, Diff: 3.8, Sum: 4.9]\n      [Object Copy (ms): Min: 0.3, Avg: 2.5, Max: 3.4, Diff: 3.1, Sum: 10.0]\n      [Termination (ms): Min: 0.0, Avg: 0.2, Max: 0.3, Diff: 0.3, Sum: 0.8]\n         [Termination Attempts: Min: 1, Avg: 6.0, Max: 13, Diff: 12, Sum: 24]\n      [GC Worker Other (ms): Min: 0.0, Avg: 0.0, Max: 0.0, Diff: 0.0, Sum: 0.0]\n      [GC Worker Total (ms): Min: 3.7, Avg: 4.8, Max: 5.9, Diff: 2.2, Sum: 19.1]\n      [GC Worker End (ms): Min: 1048.0, Avg: 1048.1, Max: 1048.1, Diff: 0.1]\n   [Code Root Fixup: 0.0 ms]\n   [Code Root Purge: 0.0 ms]\n   [String Dedup Fixup: 0.8 ms, GC Workers: 4]\n      [Queue Fixup (ms): Min: 0.0, Avg: 0.0, Max: 0.0, Diff: 0.0, Sum: 0.0]\n      [Table Fixup (ms): Min: 0.0, Avg: 0.1, Max: 0.3, Diff: 0.3, Sum: 0.3]\n   [Clear CT: 0.6 ms]\n   [Other: 3.2 ms]\n      [Choose CSet: 0.0 ms]\n      [Ref Proc: 2.5 ms]\n      [Ref Enq: 0.0 ms]\n      [Redirty Cards: 0.5 ms]\n      [Humongous Register: 0.0 ms]\n      [Humongous Reclaim: 0.0 ms]\n      [Free CSet: 0.0 ms]\n   [Eden: 24.0M(24.0M)->0.0B(28.0M) Survivors: 0.0B->3072.0K Heap: 24.0M(480.0M)->5792.5K(480.0M)]\n [Times: user=0.02 sys=0.00, real=0.01 secs]","gc_pause_sec":0.0107329,"jvm_uptime":1.042,"@version":"1","@timestamp":"2020-02-24T14:12:25.817Z","host":"14356e7de8f4","tags":["multiline","corfu-log","corfu-jvm-log"]}
{"msg":["[GC concurrent-string-deduplication, 512.0B->0.0B(512.0B), avg 85.1%, 0.0000043 secs]","[GC concurrent-string-deduplication, 512.0B->0.0B(512.0B), avg 85.1%, 0.0000043 secs]"],"jvm_uptime":232150.649,"@version":"1","@timestamp":"2020-02-17T17:09:46.574Z","host":"14356e7de8f4","tags":["corfu-log","corfu-jvm-log"]}
{"msg":"[GC concurrent-root-region-scan-end, 0.0024521 secs]","jvm_uptime":232150.652,"@version":"1","@timestamp":"2020-02-17T17:09:46.577Z","host":"14356e7de8f4","root_region_scan_secs":0.0024521,"tags":["corfu-log","corfu-jvm-log"]}
{"msg":["[GC concurrent-mark-start]","[GC concurrent-mark-start]"],"jvm_uptime":232150.652,"@version":"1","@timestamp":"2020-02-17T17:09:46.577Z","host":"14356e7de8f4","tags":["corfu-log","corfu-jvm-log"]}
{"msg":["[GC concurrent-mark-end, 1.9060416 secs]","[GC concurrent-mark-end, 1.9060416 secs]"],"jvm_uptime":232152.558,"@version":"1","@timestamp":"2020-02-17T17:09:48.483Z","host":"14356e7de8f4","tags":["corfu-log","corfu-jvm-log"]}
{"msg":"[GC remark 2020-02-17T17:09:48.483+0000: 232152.558: [Finalize Marking, 0.0001616 secs] 2020-02-17T17:09:48.483+0000: 232152.558: [GC ref-proc, 0.0008358 secs] 2020-02-17T17:09:48.484+0000: 232152.559: [Unloading, 0.0097802 secs], 0.0150000 secs]\n [Times: user=0.02 sys=0.02, real=0.01 secs]","jvm_uptime":232152.558,"@version":"1","@timestamp":"2020-02-17T17:09:48.483Z","host":"14356e7de8f4","tags":["multiline","corfu-log","corfu-jvm-log"],"gc_remark_sec":0.015,"gc_remark_unloading":0.0097802}
{"msg":"[GC cleanup 1742M->1741M(1864M), 0.0042362 secs]\n [Times: user=0.01 sys=0.01, real=0.01 secs]","jvm_uptime":232152.574,"@version":"1","@timestamp":"2020-02-17T17:09:48.499Z","host":"14356e7de8f4","gc_cleanup_sec":0.0042362,"tags":["multiline","corfu-log","corfu-jvm-log"]}
{"msg":["[GC concurrent-cleanup-start]","[GC concurrent-cleanup-start]"],"jvm_uptime":232152.578,"@version":"1","@timestamp":"2020-02-17T17:09:48.503Z","host":"14356e7de8f4","tags":["corfu-log","corfu-jvm-log"]}
{"msg":["[GC concurrent-cleanup-end, 0.0000083 secs]\n","[GC concurrent-cleanup-end, 0.0000083 secs]\n"],"jvm_uptime":232152.578,"@version":"1","@timestamp":"2020-02-17T17:09:48.503Z","host":"14356e7de8f4","tags":["multiline","corfu-log","corfu-jvm-log"]}
{"msg":["[GC concurrent-root-region-scan-start]","[GC concurrent-root-region-scan-start]"],"jvm_uptime":232242.153,"@version":"1","@timestamp":"2020-02-17T17:11:18.078Z","host":"14356e7de8f4","tags":["corfu-log","corfu-jvm-log"]}
