2020-02-24T14:12:24.909+0000: 0.134: Application time: 0.0649296 seconds
2020-02-24T14:12:24.909+0000: 0.134: Total time for which application threads were stopped: 0.0000798 seconds, Stopping threads took: 0.0000174 seconds
2020-02-24T14:12:24.910+0000: 0.135: Application time: 0.0007936 seconds
2020-02-24T14:12:24.910+0000: 0.135: Total time for which application threads were stopped: 0.0000497 seconds, Stopping threads took: 0.0000133 seconds
2020-02-24T14:12:25.430+0000: 0.655: Application time: 0.5200672 seconds
2020-02-24T14:12:25.430+0000: 0.655: Total time for which application threads were stopped: 0.0001817 seconds, Stopping threads took: 0.0000195 seconds
2020-02-24T14:12:25.817+0000: 1.042: Application time: 0.3864499 seconds
2020-02-24T14:12:25.817+0000: 1.042: [GC pause (G1 Evacuation Pause) (young), 0.0107329 secs]
   [Parallel Time: 6.2 ms, GC Workers: 4]
      [GC Worker Start (ms): Min: 1042.2, Avg: 1043.3, Max: 1044.4, Diff: 2.3]
      [Ext Root Scanning (ms): Min: 0.0, Avg: 0.8, Max: 1.7, Diff: 1.7, Sum: 3.4]
      [Update RS (ms): Min: 0.0, Avg: 0.0, Max: 0.0, Diff: 0.0, Sum: 0.0]
         [Processed Buffers: Min: 0, Avg: 0.0, Max: 0, Diff: 0, Sum: 0]
      [Scan RS (ms): Min: 0.0, Avg: 0.0, Max: 0.0, Diff: 0.0, Sum: 0.0]
      [Code Root Scanning (ms): Min: 0.0, Avg: 1.2, Max: 3.8, Diff: 3.8, Sum: 4.9]
      [Object Copy (ms): Min: 0.3, Avg: 2.5, Max: 3.4, Diff: 3.1, Sum: 10.0]
      [Termination (ms): Min: 0.0, Avg: 0.2, Max: 0.3, Diff: 0.3, Sum: 0.8]
         [Termination Attempts: Min: 1, Avg: 6.0, Max: 13, Diff: 12, Sum: 24]
      [GC Worker Other (ms): Min: 0.0, Avg: 0.0, Max: 0.0, Diff: 0.0, Sum: 0.0]
      [GC Worker Total (ms): Min: 3.7, Avg: 4.8, Max: 5.9, Diff: 2.2, Sum: 19.1]
      [GC Worker End (ms): Min: 1048.0, Avg: 1048.1, Max: 1048.1, Diff: 0.1]
   [Code Root Fixup: 0.0 ms]
   [Code Root Purge: 0.0 ms]
   [String Dedup Fixup: 0.8 ms, GC Workers: 4]
      [Queue Fixup (ms): Min: 0.0, Avg: 0.0, Max: 0.0, Diff: 0.0, Sum: 0.0]
      [Table Fixup (ms): Min: 0.0, Avg: 0.1, Max: 0.3, Diff: 0.3, Sum: 0.3]
   [Clear CT: 0.6 ms]
   [Other: 3.2 ms]
      [Choose CSet: 0.0 ms]
      [Ref Proc: 2.5 ms]
      [Ref Enq: 0.0 ms]
      [Redirty Cards: 0.5 ms]
      [Humongous Register: 0.0 ms]
      [Humongous Reclaim: 0.0 ms]
      [Free CSet: 0.0 ms]
   [Eden: 24.0M(24.0M)->0.0B(28.0M) Survivors: 0.0B->3072.0K Heap: 24.0M(480.0M)->5792.5K(480.0M)]
 [Times: user=0.02 sys=0.00, real=0.01 secs]
2020-02-24T14:12:25.828+0000: 1.053: Total time for which application threads were stopped: 0.0110182 seconds, Stopping threads took: 0.0000823 seconds
2020-02-24T14:12:25.828+0000: 1.053: [GC concurrent-string-deduplication, 896.0B->896.0B(0.0B), avg 0.0%, 0.0000062 secs]
2020-02-24T14:12:25.838+0000: 1.063: Application time: 0.0101122 seconds
2020-02-24T14:12:25.838+0000: 1.063: Total time for which application threads were stopped: 0.0001504 seconds, Stopping threads took: 0.0000188 seconds
2020-02-24T14:12:25.839+0000: 1.064: Application time: 0.0006600 seconds
2020-02-24T14:12:25.839+0000: 1.064: Total time for which application threads were stopped: 0.0000668 seconds, Stopping threads took: 0.0000117 seconds
2020-02-24T14:12:25.868+0000: 1.093: Application time: 0.0291220 seconds
2020-02-24T14:12:25.868+0000: 1.093: Total time for which application threads were stopped: 0.0003051 seconds, Stopping threads took: 0.0000914 seconds
2020-02-24T14:12:25.874+0000: 1.099: Application time: 0.0054350 seconds
2020-02-24T14:12:25.874+0000: 1.099: Total time for which application threads were stopped: 0.0002370 seconds, Stopping threads took: 0.0000850 seconds
2020-02-24T14:12:26.220+0000: 1.445: Application time: 0.3463365 seconds